#
# There is insufficient memory for the Java Runtime Environment to continue.
# Native memory allocation (malloc) failed to allocate 1706336 bytes. Error detail: Chunk::new
# Possible reasons:
#   The system is out of physical RAM or swap space
#   This process is running with CompressedOops enabled, and the Java Heap may be blocking the growth of the native heap
# Possible solutions:
#   Reduce memory load on the system
#   Increase physical memory or swap space
#   Check if swap backing store is full
#   Decrease Java heap size (-Xmx/-Xms)
#   Decrease number of Java threads
#   Decrease Java thread stack sizes (-Xss)
#   Set larger code cache with -XX:ReservedCodeCacheSize=
#   JVM is running with Unscaled Compressed Oops mode in which the Java heap is
#     placed in the first 4GB address space. The Java Heap base address is the
#     maximum limit for the native heap growth. Please use -XX:HeapBaseMinAddress
#     to set the Java Heap base and to place the Java Heap above 4GB virtual address.
# This output file may be truncated or incomplete.
#
#  Out of Memory Error (arena.cpp:168), pid=12512, tid=26300
#
# JRE version: OpenJDK Runtime Environment Temurin-21.0.10+7 (21.0.10+7) (build 21.0.10+7-LTS)
# Java VM: OpenJDK 64-Bit Server VM Temurin-21.0.10+7 (21.0.10+7-LTS, mixed mode, sharing, tiered, compressed oops, compressed class ptrs, parallel gc, windows-amd64)
# No core dump will be written. Minidumps are not enabled by default on client versions of Windows
#

---------------  S U M M A R Y ------------

Command Line: --add-modules=ALL-SYSTEM --add-opens=java.base/java.util=ALL-UNNAMED --add-opens=java.base/java.lang=ALL-UNNAMED --add-opens=java.base/sun.nio.fs=ALL-UNNAMED -Declipse.application=org.eclipse.jdt.ls.core.id1 -Dosgi.bundles.defaultStartLevel=4 -Declipse.product=org.eclipse.jdt.ls.core.product -Djava.import.generatesMetadataFilesAtProjectRoot=false -DDetectVMInstallationsJob.disabled=true -Dfile.encoding=utf8 -XX:+UseParallelGC -XX:GCTimeRatio=4 -XX:AdaptiveSizePolicyWeight=90 -Dsun.zip.disableMemoryMapping=true -Xmx2G -Xms100m -Xlog:disable -javaagent:c:\Users\emran\.vscode\extensions\redhat.java-1.53.0-win32-x64\lombok\lombok-1.18.39-4050.jar -XX:+HeapDumpOnOutOfMemoryError -XX:HeapDumpPath=c:\Users\emran\AppData\Roaming\Code\User\workspaceStorage\931290c54a4449628bc53f0bcee16a77\redhat.java -Daether.dependencyCollector.impl=bf c:\Users\emran\.vscode\extensions\redhat.java-1.53.0-win32-x64\server\plugins\org.eclipse.equinox.launcher_1.7.100.v20251111-0406.jar -configuration c:\Users\emran\AppData\Roaming\Code\User\globalStorage\redhat.java\1.53.0\config_win -data c:\Users\emran\AppData\Roaming\Code\User\workspaceStorage\931290c54a4449628bc53f0bcee16a77\redhat.java\jdt_ws --pipe=\\.\pipe\lsp-8dc6457639f82b988b9371193c43cb71-sock

Host: 11th Gen Intel(R) Core(TM) i5-1145G7 @ 2.60GHz, 8 cores, 15G,  Windows 11 , 64 bit Build 26100 (10.0.26100.7920)
Time: Wed Mar  4 10:52:50 2026 Bangladesh Standard Time elapsed time: 1319.591642 seconds (0d 0h 21m 59s)

---------------  T H R E A D  ---------------

Current thread (0x000001c5e87d0520):  JavaThread "C2 CompilerThread2" daemon [_thread_in_native, id=26300, stack(0x000000a029600000,0x000000a029700000) (1024K)]


Current CompileTask:
C2:1319591 17664       4       org.eclipse.jdt.internal.compiler.parser.Parser::consumeRule (7843 bytes)

Stack: [0x000000a029600000,0x000000a029700000]
Native frames: (J=compiled Java code, j=interpreted, Vv=VM code, C=native code)
V  [jvm.dll+0x6d7a39]
V  [jvm.dll+0x8b4b26]
V  [jvm.dll+0x8b70de]
V  [jvm.dll+0x8b77c3]
V  [jvm.dll+0x284346]
V  [jvm.dll+0xc66ed]
V  [jvm.dll+0xc6c31]
V  [jvm.dll+0x3bec3b]
V  [jvm.dll+0x38b162]
V  [jvm.dll+0x38a5aa]
V  [jvm.dll+0x24c560]
V  [jvm.dll+0x24bb40]
V  [jvm.dll+0x1cb34e]
V  [jvm.dll+0x25b85d]
V  [jvm.dll+0x259dea]
V  [jvm.dll+0x3f857e]
V  [jvm.dll+0x85f59d]
V  [jvm.dll+0x6d626d]
C  [ucrtbase.dll+0x37b0]
C  [KERNEL32.DLL+0x2e8d7]
C  [ntdll.dll+0x8c48c]


---------------  P R O C E S S  ---------------

Threads class SMR info:
_java_thread_list=0x000001c5e4da2200, length=37, elements={
0x000001c582b3ebe0, 0x000001c584f59fd0, 0x000001c584f5c1b0, 0x000001c584f5ff40,
0x000001c584f60cd0, 0x000001c584f63970, 0x000001c584f643d0, 0x000001c584f65210,
0x000001c5de376b90, 0x000001c5de5141d0, 0x000001c5de630780, 0x000001c5dec41d40,
0x000001c5ded68b40, 0x000001c5ded65d50, 0x000001c5ded663e0, 0x000001c5ded67790,
0x000001c5ded66a70, 0x000001c5ded67e20, 0x000001c5ded684b0, 0x000001c5de7693f0,
0x000001c5de768040, 0x000001c5de76a110, 0x000001c5de76b4c0, 0x000001c5de76c1e0,
0x000001c5de76ae30, 0x000001c5de76bb50, 0x000001c5de768d60, 0x000001c5de76e2b0,
0x000001c5de76d590, 0x000001c5de76efd0, 0x000001c5de76f660, 0x000001c5de76e940,
0x000001c5de76c870, 0x000001c5e7af3b70, 0x000001c5e7af0d80, 0x000001c5e87cf780,
0x000001c5e87d0520
}

Java Threads: ( => current thread )
  0x000001c582b3ebe0 JavaThread "main"                              [_thread_blocked, id=24564, stack(0x000000a027e00000,0x000000a027f00000) (1024K)]
  0x000001c584f59fd0 JavaThread "Reference Handler"          daemon [_thread_blocked, id=12304, stack(0x000000a028200000,0x000000a028300000) (1024K)]
  0x000001c584f5c1b0 JavaThread "Finalizer"                  daemon [_thread_blocked, id=30668, stack(0x000000a028300000,0x000000a028400000) (1024K)]
  0x000001c584f5ff40 JavaThread "Signal Dispatcher"          daemon [_thread_blocked, id=11896, stack(0x000000a028400000,0x000000a028500000) (1024K)]
  0x000001c584f60cd0 JavaThread "Attach Listener"            daemon [_thread_blocked, id=28908, stack(0x000000a028500000,0x000000a028600000) (1024K)]
  0x000001c584f63970 JavaThread "Service Thread"             daemon [_thread_blocked, id=17796, stack(0x000000a028600000,0x000000a028700000) (1024K)]
  0x000001c584f643d0 JavaThread "Monitor Deflation Thread"   daemon [_thread_blocked, id=4616, stack(0x000000a028700000,0x000000a028800000) (1024K)]
  0x000001c584f65210 JavaThread "C2 CompilerThread0"         daemon [_thread_in_native, id=26284, stack(0x000000a028800000,0x000000a028900000) (1024K)]
  0x000001c5de376b90 JavaThread "C1 CompilerThread0"         daemon [_thread_in_vm, id=2704, stack(0x000000a028900000,0x000000a028a00000) (1024K)]
  0x000001c5de5141d0 JavaThread "Common-Cleaner"             daemon [_thread_blocked, id=9060, stack(0x000000a028a00000,0x000000a028b00000) (1024K)]
  0x000001c5de630780 JavaThread "Notification Thread"        daemon [_thread_blocked, id=8800, stack(0x000000a028c00000,0x000000a028d00000) (1024K)]
  0x000001c5dec41d40 JavaThread "Active Thread: Equinox Container: 5a57114b-7082-4a07-82d7-0d6d3227a44f"        [_thread_blocked, id=11196, stack(0x000000a028b00000,0x000000a028c00000) (1024K)]
  0x000001c5ded68b40 JavaThread "Framework Event Dispatcher: Equinox Container: 5a57114b-7082-4a07-82d7-0d6d3227a44f" daemon [_thread_blocked, id=2080, stack(0x000000a029300000,0x000000a029400000) (1024K)]
  0x000001c5ded65d50 JavaThread "Start Level: Equinox Container: 5a57114b-7082-4a07-82d7-0d6d3227a44f" daemon [_thread_blocked, id=11092, stack(0x000000a029400000,0x000000a029500000) (1024K)]
  0x000001c5ded663e0 JavaThread "Bundle File Closer"         daemon [_thread_blocked, id=5184, stack(0x000000a029700000,0x000000a029800000) (1024K)]
  0x000001c5ded67790 JavaThread "Refresh Thread: Equinox Container: 5a57114b-7082-4a07-82d7-0d6d3227a44f" daemon [_thread_blocked, id=27204, stack(0x000000a029800000,0x000000a029900000) (1024K)]
  0x000001c5ded66a70 JavaThread "SCR Component Actor"        daemon [_thread_blocked, id=22420, stack(0x000000a029900000,0x000000a029a00000) (1024K)]
  0x000001c5ded67e20 JavaThread "Worker-JM"                         [_thread_blocked, id=11168, stack(0x000000a029b00000,0x000000a029c00000) (1024K)]
  0x000001c5ded684b0 JavaThread "Java indexing"              daemon [_thread_blocked, id=9156, stack(0x000000a029c00000,0x000000a029d00000) (1024K)]
  0x000001c5de7693f0 JavaThread "Worker-3"                          [_thread_blocked, id=25844, stack(0x000000a029e00000,0x000000a029f00000) (1024K)]
  0x000001c5de768040 JavaThread "JNA Cleaner"                daemon [_thread_blocked, id=7060, stack(0x000000a02a000000,0x000000a02a100000) (1024K)]
  0x000001c5de76a110 JavaThread "Thread-1"                   daemon [_thread_in_native, id=19980, stack(0x000000a02a500000,0x000000a02a600000) (1024K)]
  0x000001c5de76b4c0 JavaThread "Thread-2"                   daemon [_thread_in_native, id=28168, stack(0x000000a02a600000,0x000000a02a700000) (1024K)]
  0x000001c5de76c1e0 JavaThread "Thread-3"                   daemon [_thread_in_native, id=27336, stack(0x000000a02a700000,0x000000a02a800000) (1024K)]
  0x000001c5de76ae30 JavaThread "Thread-4"                   daemon [_thread_in_native, id=29692, stack(0x000000a02a800000,0x000000a02a900000) (1024K)]
  0x000001c5de76bb50 JavaThread "Thread-5"                   daemon [_thread_in_native, id=27980, stack(0x000000a02a900000,0x000000a02aa00000) (1024K)]
  0x000001c5de768d60 JavaThread "Thread-6"                   daemon [_thread_in_native, id=23220, stack(0x000000a02aa00000,0x000000a02ab00000) (1024K)]
  0x000001c5de76e2b0 JavaThread "Thread-7"                   daemon [_thread_in_native, id=21448, stack(0x000000a02ab00000,0x000000a02ac00000) (1024K)]
  0x000001c5de76d590 JavaThread "Thread-8"                   daemon [_thread_in_native, id=7952, stack(0x000000a02ac00000,0x000000a02ad00000) (1024K)]
  0x000001c5de76efd0 JavaThread "Thread-9"                   daemon [_thread_in_native, id=28408, stack(0x000000a02ad00000,0x000000a02ae00000) (1024K)]
  0x000001c5de76f660 JavaThread "pool-2-thread-1"                   [_thread_blocked, id=15156, stack(0x000000a02ae00000,0x000000a02af00000) (1024K)]
  0x000001c5de76e940 JavaThread "WorkspaceEventsHandler"            [_thread_blocked, id=25400, stack(0x000000a02af00000,0x000000a02b000000) (1024K)]
  0x000001c5de76c870 JavaThread "pool-1-thread-1"                   [_thread_blocked, id=17188, stack(0x000000a02b000000,0x000000a02b100000) (1024K)]
  0x000001c5e7af3b70 JavaThread "Worker-9"                          [_thread_blocked, id=12292, stack(0x000000a027a00000,0x000000a027b00000) (1024K)]
  0x000001c5e7af0d80 JavaThread "ForkJoinPool.commonPool-worker-10" daemon [_thread_in_vm, id=25188, stack(0x000000a027b00000,0x000000a027c00000) (1024K)]
  0x000001c5e87cf780 JavaThread "C2 CompilerThread1"         daemon [_thread_in_native, id=28472, stack(0x000000a027c00000,0x000000a027d00000) (1024K)]
=>0x000001c5e87d0520 JavaThread "C2 CompilerThread2"         daemon [_thread_in_native, id=26300, stack(0x000000a029600000,0x000000a029700000) (1024K)]
Total: 37

Other Threads:
  0x000001c585088730 VMThread "VM Thread"                           [id=21852, stack(0x000000a028100000,0x000000a028200000) (1024K)]
  0x000001c585059cb0 WatcherThread "VM Periodic Task Thread"        [id=12764, stack(0x000000a028000000,0x000000a028100000) (1024K)]
  0x000001c58500c4f0 WorkerThread "GC Thread#0"                     [id=30148, stack(0x000000a027f00000,0x000000a028000000) (1024K)]
  0x000001c5de675e90 WorkerThread "GC Thread#1"                     [id=26208, stack(0x000000a028d00000,0x000000a028e00000) (1024K)]
  0x000001c5ded92d90 WorkerThread "GC Thread#2"                     [id=22120, stack(0x000000a028e00000,0x000000a028f00000) (1024K)]
  0x000001c5deea7d20 WorkerThread "GC Thread#3"                     [id=24088, stack(0x000000a028f00000,0x000000a029000000) (1024K)]
  0x000001c5ded3d030 WorkerThread "GC Thread#4"                     [id=22080, stack(0x000000a029000000,0x000000a029100000) (1024K)]
  0x000001c5ded3d3e0 WorkerThread "GC Thread#5"                     [id=14920, stack(0x000000a029100000,0x000000a029200000) (1024K)]
  0x000001c5def07200 WorkerThread "GC Thread#6"                     [id=2020, stack(0x000000a029200000,0x000000a029300000) (1024K)]
  0x000001c5dea6f0b0 WorkerThread "GC Thread#7"                     [id=11688, stack(0x000000a029500000,0x000000a029600000) (1024K)]
Total: 10

Threads with active compile tasks:
C2 CompilerThread0  1319645 17657       4       org.eclipse.jdt.internal.core.JavaProject$ModuleLookup::addTransitive (71 bytes)
C2 CompilerThread1  1319645 17675       4       org.eclipse.jdt.internal.compiler.parser.Parser::consumeToken (2260 bytes)
C2 CompilerThread2  1319645 17664       4       org.eclipse.jdt.internal.compiler.parser.Parser::consumeRule (7843 bytes)
Total: 3

VM state: not at safepoint (normal execution)

VM Mutex/Monitor currently owned by a thread:  ([mutex/lock_event])
[0x00007ffe6f07e460] CodeCache_lock - owner thread: 0x000001c5e7af0d80

Heap address: 0x0000000080000000, size: 2048 MB, Compressed Oops mode: 32-bit

CDS archive(s) mapped at: [0x000001c59c000000-0x000001c59cba0000-0x000001c59cba0000), size 12189696, SharedBaseAddress: 0x000001c59c000000, ArchiveRelocationMode: 1.
Compressed class space mapped at: 0x000001c59d000000-0x000001c5dd000000, reserved size: 1073741824
Narrow klass base: 0x000001c59c000000, Narrow klass shift: 0, Narrow klass range: 0x100000000

GC Precious Log:
 CardTable entry size: 512
 CPUs: 8 total, 8 available
 Memory: 16000M
 Large Page Support: Disabled
 NUMA Support: Disabled
 Compressed Oops: Enabled (32-bit)
 Alignments: Space 512K, Generation 512K, Heap 2M
 Heap Min Capacity: 100M
 Heap Initial Capacity: 100M
 Heap Max Capacity: 2G
 Pre-touch: Disabled
 Parallel Workers: 8

Heap:
 PSYoungGen      total 3072K, used 1930K [0x00000000d5580000, 0x00000000d5980000, 0x0000000100000000)
  eden space 2560K, 59% used [0x00000000d5580000,0x00000000d56faba0,0x00000000d5800000)
  from space 512K, 81% used [0x00000000d5880000,0x00000000d58e8000,0x00000000d5900000)
  to   space 512K, 0% used [0x00000000d5900000,0x00000000d5900000,0x00000000d5980000)
 ParOldGen       total 844800K, used 230339K [0x0000000080000000, 0x00000000b3900000, 0x00000000d5580000)
  object space 844800K, 27% used [0x0000000080000000,0x000000008e0f0e50,0x00000000b3900000)
 Metaspace       used 77223K, committed 78784K, reserved 1179648K
  class space    used 7994K, committed 8704K, reserved 1048576K

Card table byte_map: [0x000001c584980000,0x000001c584d90000] _byte_map_base: 0x000001c584580000

Marking Bits: (ParMarkBitMap*) 0x00007ffe6f083450
 Begin Bits: [0x000001c597490000, 0x000001c599490000)
 End Bits:   [0x000001c599490000, 0x000001c59b490000)

Polling page: 0x000001c582d50000

Metaspace:

Usage:
  Non-class:     67.61 MB used.
      Class:      7.81 MB used.
       Both:     75.41 MB used.

Virtual space:
  Non-class space:      128.00 MB reserved,      68.44 MB ( 53%) committed,  2 nodes.
      Class space:        1.00 GB reserved,       8.50 MB ( <1%) committed,  1 nodes.
             Both:        1.12 GB reserved,      76.94 MB (  7%) committed. 

Chunk freelists:
   Non-Class:  11.23 MB
       Class:  7.50 MB
        Both:  18.74 MB

MaxMetaspaceSize: unlimited
CompressedClassSpaceSize: 1.00 GB
Initial GC threshold: 21.00 MB
Current GC threshold: 127.12 MB
CDS: on
 - commit_granule_bytes: 65536.
 - commit_granule_words: 8192.
 - virtual_space_node_default_size: 8388608.
 - enlarge_chunks_in_place: 1.
 - use_allocation_guard: 0.


Internal statistics:

num_allocs_failed_limit: 9.
num_arena_births: 1376.
num_arena_deaths: 34.
num_vsnodes_births: 3.
num_vsnodes_deaths: 0.
num_space_committed: 1231.
num_space_uncommitted: 0.
num_chunks_returned_to_freelist: 52.
num_chunks_taken_from_freelist: 4874.
num_chunk_merges: 19.
num_chunk_splits: 2979.
num_chunks_enlarged: 1730.
num_inconsistent_stats: 0.

CodeHeap 'non-profiled nmethods': size=120000Kb used=15544Kb max_used=15649Kb free=104455Kb
 bounds [0x000001c58fcb0000, 0x000001c590c10000, 0x000001c5971e0000]
CodeHeap 'profiled nmethods': size=120000Kb used=38559Kb max_used=40075Kb free=81440Kb
 bounds [0x000001c5881e0000, 0x000001c58a930000, 0x000001c58f710000]
CodeHeap 'non-nmethods': size=5760Kb used=1498Kb max_used=1611Kb free=4262Kb
 bounds [0x000001c58f710000, 0x000001c58f980000, 0x000001c58fcb0000]
CodeCache: size=245760Kb, used=55601Kb, max_used=57335Kb, free=190157Kb
 total_blobs=16554, nmethods=15753, adapters=704, full_count=0
Compilation: enabled, stopped_count=0, restarted_count=0

Compilation events (20 events):
Event: 1318.553 Thread 0x000001c5de376b90 nmethod 17723 0x000001c58fd6cd10 code [0x000001c58fd6cea0, 0x000001c58fd6cf68]
Event: 1318.553 Thread 0x000001c5de376b90 17706       1       org.eclipse.jdt.internal.core.SourceFieldElementInfo::getTypeName (5 bytes)
Event: 1318.553 Thread 0x000001c5de376b90 nmethod 17706 0x000001c5901e0610 code [0x000001c5901e07a0, 0x000001c5901e0868]
Event: 1318.555 Thread 0x000001c5de376b90 17725       3       org.eclipse.jdt.internal.compiler.codegen.StackMapFrame::getOffsetDelta (36 bytes)
Event: 1318.556 Thread 0x000001c5de376b90 nmethod 17725 0x000001c58872b710 code [0x000001c58872b8c0, 0x000001c58872baa8]
Event: 1318.556 Thread 0x000001c5de376b90 17726       3       org.eclipse.jdt.internal.compiler.codegen.CodeStream::aload_2 (100 bytes)
Event: 1318.556 Thread 0x000001c5de376b90 nmethod 17726 0x000001c58863f510 code [0x000001c58863f6e0, 0x000001c58863fa18]
Event: 1318.556 Thread 0x000001c5de376b90 17727       3       com.google.common.cache.LocalCache::usesAccessQueue (20 bytes)
Event: 1318.557 Thread 0x000001c5de376b90 nmethod 17727 0x000001c5888ef710 code [0x000001c5888ef8c0, 0x000001c5888efbc0]
Event: 1318.557 Thread 0x000001c5de376b90 17728       3       org.eclipse.jdt.internal.core.JavaModel::getExternalTarget (85 bytes)
Event: 1318.558 Thread 0x000001c5de376b90 nmethod 17728 0x000001c588627290 code [0x000001c588627560, 0x000001c588628170]
Event: 1318.559 Thread 0x000001c5de376b90 17729   !   3       org.eclipse.lsp4j.jsonrpc.json.StreamMessageConsumer::consume (100 bytes)
Event: 1318.561 Thread 0x000001c5de376b90 nmethod 17729 0x000001c58822d590 code [0x000001c58822d900, 0x000001c58822eb60]
Event: 1318.561 Thread 0x000001c5de376b90 17730       3       org.eclipse.lsp4j.jsonrpc.json.MessageJsonHandler::serialize (19 bytes)
Event: 1318.562 Thread 0x000001c5de376b90 nmethod 17730 0x000001c588633990 code [0x000001c588633ba0, 0x000001c588634118]
Event: 1318.562 Thread 0x000001c5de376b90 17731       3       org.eclipse.jdt.internal.core.JavaModel::getWorkspaceTarget (38 bytes)
Event: 1318.562 Thread 0x000001c5de376b90 nmethod 17731 0x000001c588845990 code [0x000001c588845b80, 0x000001c588846030]
Event: 1318.562 Thread 0x000001c5de376b90 17732       3       org.eclipse.jdt.internal.core.JavaProject::getPackageFragmentRoot (98 bytes)
Event: 1318.567 Thread 0x000001c5de376b90 nmethod 17732 0x000001c588b1ae10 code [0x000001c588b1b0c0, 0x000001c588b1c080]
Event: 1318.567 Thread 0x000001c5de376b90 17734   !   3       org.eclipse.jdt.internal.compiler.parser.AbstractCommentParser::commentParse (2527 bytes)

GC Heap History (20 events):
Event: 1317.963 GC heap before
{Heap before GC invocations=1536 (full 4):
 PSYoungGen      total 3072K, used 2997K [0x00000000d5580000, 0x00000000d5980000, 0x0000000100000000)
  eden space 2560K, 99% used [0x00000000d5580000,0x00000000d57fd6e0,0x00000000d5800000)
  from space 512K, 87% used [0x00000000d5800000,0x00000000d5870000,0x00000000d5880000)
  to   space 512K, 0% used [0x00000000d5900000,0x00000000d5900000,0x00000000d5980000)
 ParOldGen       total 844800K, used 226812K [0x0000000080000000, 0x00000000b3900000, 0x00000000d5580000)
  object space 844800K, 26% used [0x0000000080000000,0x000000008dd7f158,0x00000000b3900000)
 Metaspace       used 76763K, committed 78336K, reserved 1179648K
  class space    used 7919K, committed 8640K, reserved 1048576K
}
Event: 1318.012 GC heap after
{Heap after GC invocations=1536 (full 4):
 PSYoungGen      total 3072K, used 502K [0x00000000d5580000, 0x00000000d5a00000, 0x0000000100000000)
  eden space 2560K, 0% used [0x00000000d5580000,0x00000000d5580000,0x00000000d5800000)
  from space 512K, 98% used [0x00000000d5900000,0x00000000d597d828,0x00000000d5980000)
  to   space 1024K, 0% used [0x00000000d5800000,0x00000000d5800000,0x00000000d5900000)
 ParOldGen       total 844800K, used 227114K [0x0000000080000000, 0x00000000b3900000, 0x00000000d5580000)
  object space 844800K, 26% used [0x0000000080000000,0x000000008ddca8d8,0x00000000b3900000)
 Metaspace       used 76763K, committed 78336K, reserved 1179648K
  class space    used 7919K, committed 8640K, reserved 1048576K
}
Event: 1318.325 GC heap before
{Heap before GC invocations=1537 (full 4):
 PSYoungGen      total 3072K, used 3062K [0x00000000d5580000, 0x00000000d5a00000, 0x0000000100000000)
  eden space 2560K, 100% used [0x00000000d5580000,0x00000000d5800000,0x00000000d5800000)
  from space 512K, 98% used [0x00000000d5900000,0x00000000d597d828,0x00000000d5980000)
  to   space 1024K, 0% used [0x00000000d5800000,0x00000000d5800000,0x00000000d5900000)
 ParOldGen       total 844800K, used 227114K [0x0000000080000000, 0x00000000b3900000, 0x00000000d5580000)
  object space 844800K, 26% used [0x0000000080000000,0x000000008ddca8d8,0x00000000b3900000)
 Metaspace       used 76922K, committed 78400K, reserved 1179648K
  class space    used 7958K, committed 8640K, reserved 1048576K
}
Event: 1318.327 GC heap after
{Heap after GC invocations=1537 (full 4):
 PSYoungGen      total 3584K, used 618K [0x00000000d5580000, 0x00000000d5a00000, 0x0000000100000000)
  eden space 2560K, 0% used [0x00000000d5580000,0x00000000d5580000,0x00000000d5800000)
  from space 1024K, 60% used [0x00000000d5800000,0x00000000d589a910,0x00000000d5900000)
  to   space 1024K, 0% used [0x00000000d5900000,0x00000000d5900000,0x00000000d5a00000)
 ParOldGen       total 844800K, used 227307K [0x0000000080000000, 0x00000000b3900000, 0x00000000d5580000)
  object space 844800K, 26% used [0x0000000080000000,0x000000008ddfac60,0x00000000b3900000)
 Metaspace       used 76922K, committed 78400K, reserved 1179648K
  class space    used 7958K, committed 8640K, reserved 1048576K
}
Event: 1318.395 GC heap before
{Heap before GC invocations=1538 (full 4):
 PSYoungGen      total 3584K, used 3178K [0x00000000d5580000, 0x00000000d5a00000, 0x0000000100000000)
  eden space 2560K, 100% used [0x00000000d5580000,0x00000000d5800000,0x00000000d5800000)
  from space 1024K, 60% used [0x00000000d5800000,0x00000000d589a910,0x00000000d5900000)
  to   space 1024K, 0% used [0x00000000d5900000,0x00000000d5900000,0x00000000d5a00000)
 ParOldGen       total 844800K, used 227307K [0x0000000080000000, 0x00000000b3900000, 0x00000000d5580000)
  object space 844800K, 26% used [0x0000000080000000,0x000000008ddfac60,0x00000000b3900000)
 Metaspace       used 76972K, committed 78528K, reserved 1179648K
  class space    used 7963K, committed 8704K, reserved 1048576K
}
Event: 1318.398 GC heap after
{Heap after GC invocations=1538 (full 4):
 PSYoungGen      total 3072K, used 448K [0x00000000d5580000, 0x00000000d5980000, 0x0000000100000000)
  eden space 2560K, 0% used [0x00000000d5580000,0x00000000d5580000,0x00000000d5800000)
  from space 512K, 87% used [0x00000000d5900000,0x00000000d5970000,0x00000000d5980000)
  to   space 512K, 0% used [0x00000000d5880000,0x00000000d5880000,0x00000000d5900000)
 ParOldGen       total 844800K, used 227736K [0x0000000080000000, 0x00000000b3900000, 0x00000000d5580000)
  object space 844800K, 26% used [0x0000000080000000,0x000000008de66140,0x00000000b3900000)
 Metaspace       used 76972K, committed 78528K, reserved 1179648K
  class space    used 7963K, committed 8704K, reserved 1048576K
}
Event: 1318.419 GC heap before
{Heap before GC invocations=1539 (full 4):
 PSYoungGen      total 3072K, used 3008K [0x00000000d5580000, 0x00000000d5980000, 0x0000000100000000)
  eden space 2560K, 100% used [0x00000000d5580000,0x00000000d5800000,0x00000000d5800000)
  from space 512K, 87% used [0x00000000d5900000,0x00000000d5970000,0x00000000d5980000)
  to   space 512K, 0% used [0x00000000d5880000,0x00000000d5880000,0x00000000d5900000)
 ParOldGen       total 844800K, used 227736K [0x0000000080000000, 0x00000000b3900000, 0x00000000d5580000)
  object space 844800K, 26% used [0x0000000080000000,0x000000008de66140,0x00000000b3900000)
 Metaspace       used 76985K, committed 78528K, reserved 1179648K
  class space    used 7963K, committed 8704K, reserved 1048576K
}
Event: 1318.422 GC heap after
{Heap after GC invocations=1539 (full 4):
 PSYoungGen      total 3072K, used 512K [0x00000000d5580000, 0x00000000d5a00000, 0x0000000100000000)
  eden space 2560K, 0% used [0x00000000d5580000,0x00000000d5580000,0x00000000d5800000)
  from space 512K, 100% used [0x00000000d5880000,0x00000000d5900000,0x00000000d5900000)
  to   space 1024K, 0% used [0x00000000d5900000,0x00000000d5900000,0x00000000d5a00000)
 ParOldGen       total 844800K, used 228049K [0x0000000080000000, 0x00000000b3900000, 0x00000000d5580000)
  object space 844800K, 26% used [0x0000000080000000,0x000000008deb4550,0x00000000b3900000)
 Metaspace       used 76985K, committed 78528K, reserved 1179648K
  class space    used 7963K, committed 8704K, reserved 1048576K
}
Event: 1318.452 GC heap before
{Heap before GC invocations=1540 (full 4):
 PSYoungGen      total 3072K, used 3072K [0x00000000d5580000, 0x00000000d5a00000, 0x0000000100000000)
  eden space 2560K, 100% used [0x00000000d5580000,0x00000000d5800000,0x00000000d5800000)
  from space 512K, 100% used [0x00000000d5880000,0x00000000d5900000,0x00000000d5900000)
  to   space 1024K, 0% used [0x00000000d5900000,0x00000000d5900000,0x00000000d5a00000)
 ParOldGen       total 844800K, used 228049K [0x0000000080000000, 0x00000000b3900000, 0x00000000d5580000)
  object space 844800K, 26% used [0x0000000080000000,0x000000008deb4550,0x00000000b3900000)
 Metaspace       used 76985K, committed 78528K, reserved 1179648K
  class space    used 7963K, committed 8704K, reserved 1048576K
}
Event: 1318.455 GC heap after
{Heap after GC invocations=1540 (full 4):
 PSYoungGen      total 3072K, used 416K [0x00000000d5580000, 0x00000000d5980000, 0x0000000100000000)
  eden space 2560K, 0% used [0x00000000d5580000,0x00000000d5580000,0x00000000d5800000)
  from space 512K, 81% used [0x00000000d5900000,0x00000000d5968000,0x00000000d5980000)
  to   space 512K, 0% used [0x00000000d5880000,0x00000000d5880000,0x00000000d5900000)
 ParOldGen       total 844800K, used 228437K [0x0000000080000000, 0x00000000b3900000, 0x00000000d5580000)
  object space 844800K, 27% used [0x0000000080000000,0x000000008df157d8,0x00000000b3900000)
 Metaspace       used 76985K, committed 78528K, reserved 1179648K
  class space    used 7963K, committed 8704K, reserved 1048576K
}
Event: 1318.464 GC heap before
{Heap before GC invocations=1541 (full 4):
 PSYoungGen      total 3072K, used 2962K [0x00000000d5580000, 0x00000000d5980000, 0x0000000100000000)
  eden space 2560K, 99% used [0x00000000d5580000,0x00000000d57fc920,0x00000000d5800000)
  from space 512K, 81% used [0x00000000d5900000,0x00000000d5968000,0x00000000d5980000)
  to   space 512K, 0% used [0x00000000d5880000,0x00000000d5880000,0x00000000d5900000)
 ParOldGen       total 844800K, used 228437K [0x0000000080000000, 0x00000000b3900000, 0x00000000d5580000)
  object space 844800K, 27% used [0x0000000080000000,0x000000008df157d8,0x00000000b3900000)
 Metaspace       used 76987K, committed 78528K, reserved 1179648K
  class space    used 7963K, committed 8704K, reserved 1048576K
}
Event: 1318.467 GC heap after
{Heap after GC invocations=1541 (full 4):
 PSYoungGen      total 3072K, used 288K [0x00000000d5580000, 0x00000000d5980000, 0x0000000100000000)
  eden space 2560K, 0% used [0x00000000d5580000,0x00000000d5580000,0x00000000d5800000)
  from space 512K, 56% used [0x00000000d5880000,0x00000000d58c8000,0x00000000d5900000)
  to   space 512K, 0% used [0x00000000d5900000,0x00000000d5900000,0x00000000d5980000)
 ParOldGen       total 844800K, used 228749K [0x0000000080000000, 0x00000000b3900000, 0x00000000d5580000)
  object space 844800K, 27% used [0x0000000080000000,0x000000008df637d8,0x00000000b3900000)
 Metaspace       used 76987K, committed 78528K, reserved 1179648K
  class space    used 7963K, committed 8704K, reserved 1048576K
}
Event: 1318.489 GC heap before
{Heap before GC invocations=1542 (full 4):
 PSYoungGen      total 3072K, used 2848K [0x00000000d5580000, 0x00000000d5980000, 0x0000000100000000)
  eden space 2560K, 100% used [0x00000000d5580000,0x00000000d5800000,0x00000000d5800000)
  from space 512K, 56% used [0x00000000d5880000,0x00000000d58c8000,0x00000000d5900000)
  to   space 512K, 0% used [0x00000000d5900000,0x00000000d5900000,0x00000000d5980000)
 ParOldGen       total 844800K, used 228749K [0x0000000080000000, 0x00000000b3900000, 0x00000000d5580000)
  object space 844800K, 27% used [0x0000000080000000,0x000000008df637d8,0x00000000b3900000)
 Metaspace       used 77045K, committed 78592K, reserved 1179648K
  class space    used 7966K, committed 8704K, reserved 1048576K
}
Event: 1318.492 GC heap after
{Heap after GC invocations=1542 (full 4):
 PSYoungGen      total 3072K, used 448K [0x00000000d5580000, 0x00000000d5980000, 0x0000000100000000)
  eden space 2560K, 0% used [0x00000000d5580000,0x00000000d5580000,0x00000000d5800000)
  from space 512K, 87% used [0x00000000d5900000,0x00000000d5970000,0x00000000d5980000)
  to   space 512K, 0% used [0x00000000d5880000,0x00000000d5880000,0x00000000d5900000)
 ParOldGen       total 844800K, used 228854K [0x0000000080000000, 0x00000000b3900000, 0x00000000d5580000)
  object space 844800K, 27% used [0x0000000080000000,0x000000008df7daa8,0x00000000b3900000)
 Metaspace       used 77045K, committed 78592K, reserved 1179648K
  class space    used 7966K, committed 8704K, reserved 1048576K
}
Event: 1318.535 GC heap before
{Heap before GC invocations=1543 (full 4):
 PSYoungGen      total 3072K, used 3008K [0x00000000d5580000, 0x00000000d5980000, 0x0000000100000000)
  eden space 2560K, 100% used [0x00000000d5580000,0x00000000d5800000,0x00000000d5800000)
  from space 512K, 87% used [0x00000000d5900000,0x00000000d5970000,0x00000000d5980000)
  to   space 512K, 0% used [0x00000000d5880000,0x00000000d5880000,0x00000000d5900000)
 ParOldGen       total 844800K, used 228854K [0x0000000080000000, 0x00000000b3900000, 0x00000000d5580000)
  object space 844800K, 27% used [0x0000000080000000,0x000000008df7daa8,0x00000000b3900000)
 Metaspace       used 77097K, committed 78656K, reserved 1179648K
  class space    used 7973K, committed 8704K, reserved 1048576K
}
Event: 1318.538 GC heap after
{Heap after GC invocations=1543 (full 4):
 PSYoungGen      total 3072K, used 416K [0x00000000d5580000, 0x00000000d5980000, 0x0000000100000000)
  eden space 2560K, 0% used [0x00000000d5580000,0x00000000d5580000,0x00000000d5800000)
  from space 512K, 81% used [0x00000000d5880000,0x00000000d58e8000,0x00000000d5900000)
  to   space 512K, 0% used [0x00000000d5900000,0x00000000d5900000,0x00000000d5980000)
 ParOldGen       total 844800K, used 228958K [0x0000000080000000, 0x00000000b3900000, 0x00000000d5580000)
  object space 844800K, 27% used [0x0000000080000000,0x000000008df97aa8,0x00000000b3900000)
 Metaspace       used 77097K, committed 78656K, reserved 1179648K
  class space    used 7973K, committed 8704K, reserved 1048576K
}
Event: 1318.563 GC heap before
{Heap before GC invocations=1544 (full 4):
 PSYoungGen      total 3072K, used 2976K [0x00000000d5580000, 0x00000000d5980000, 0x0000000100000000)
  eden space 2560K, 100% used [0x00000000d5580000,0x00000000d5800000,0x00000000d5800000)
  from space 512K, 81% used [0x00000000d5880000,0x00000000d58e8000,0x00000000d5900000)
  to   space 512K, 0% used [0x00000000d5900000,0x00000000d5900000,0x00000000d5980000)
 ParOldGen       total 844800K, used 228958K [0x0000000080000000, 0x00000000b3900000, 0x00000000d5580000)
  object space 844800K, 27% used [0x0000000080000000,0x000000008df97aa8,0x00000000b3900000)
 Metaspace       used 77119K, committed 78656K, reserved 1179648K
  class space    used 7977K, committed 8704K, reserved 1048576K
}
Event: 1318.565 GC heap after
{Heap after GC invocations=1544 (full 4):
 PSYoungGen      total 3072K, used 420K [0x00000000d5580000, 0x00000000d5980000, 0x0000000100000000)
  eden space 2560K, 0% used [0x00000000d5580000,0x00000000d5580000,0x00000000d5800000)
  from space 512K, 82% used [0x00000000d5900000,0x00000000d5969210,0x00000000d5980000)
  to   space 512K, 0% used [0x00000000d5880000,0x00000000d5880000,0x00000000d5900000)
 ParOldGen       total 844800K, used 229230K [0x0000000080000000, 0x00000000b3900000, 0x00000000d5580000)
  object space 844800K, 27% used [0x0000000080000000,0x000000008dfdbac8,0x00000000b3900000)
 Metaspace       used 77119K, committed 78656K, reserved 1179648K
  class space    used 7977K, committed 8704K, reserved 1048576K
}
Event: 1318.576 GC heap before
{Heap before GC invocations=1545 (full 4):
 PSYoungGen      total 3072K, used 2980K [0x00000000d5580000, 0x00000000d5980000, 0x0000000100000000)
  eden space 2560K, 100% used [0x00000000d5580000,0x00000000d5800000,0x00000000d5800000)
  from space 512K, 82% used [0x00000000d5900000,0x00000000d5969210,0x00000000d5980000)
  to   space 512K, 0% used [0x00000000d5880000,0x00000000d5880000,0x00000000d5900000)
 ParOldGen       total 844800K, used 229230K [0x0000000080000000, 0x00000000b3900000, 0x00000000d5580000)
  object space 844800K, 27% used [0x0000000080000000,0x000000008dfdbac8,0x00000000b3900000)
 Metaspace       used 77136K, committed 78656K, reserved 1179648K
  class space    used 7978K, committed 8704K, reserved 1048576K
}
Event: 1318.580 GC heap after
{Heap after GC invocations=1545 (full 4):
 PSYoungGen      total 3072K, used 491K [0x00000000d5580000, 0x00000000d5980000, 0x0000000100000000)
  eden space 2560K, 0% used [0x00000000d5580000,0x00000000d5580000,0x00000000d5800000)
  from space 512K, 96% used [0x00000000d5880000,0x00000000d58fae98,0x00000000d5900000)
  to   space 512K, 0% used [0x00000000d5900000,0x00000000d5900000,0x00000000d5980000)
 ParOldGen       total 844800K, used 229539K [0x0000000080000000, 0x00000000b3900000, 0x00000000d5580000)
  object space 844800K, 27% used [0x0000000080000000,0x000000008e028cd8,0x00000000b3900000)
 Metaspace       used 77136K, committed 78656K, reserved 1179648K
  class space    used 7978K, committed 8704K, reserved 1048576K
}

Dll operation events (14 events):
Event: 0.041 Loaded shared library c:\Users\emran\.vscode\extensions\redhat.java-1.53.0-win32-x64\jre\21.0.10-win32-x86_64\bin\java.dll
Event: 0.171 Loaded shared library c:\Users\emran\.vscode\extensions\redhat.java-1.53.0-win32-x64\jre\21.0.10-win32-x86_64\bin\zip.dll
Event: 0.200 Loaded shared library C:\Users\emran\.vscode\extensions\redhat.java-1.53.0-win32-x64\jre\21.0.10-win32-x86_64\bin\instrument.dll
Event: 0.208 Loaded shared library C:\Users\emran\.vscode\extensions\redhat.java-1.53.0-win32-x64\jre\21.0.10-win32-x86_64\bin\net.dll
Event: 0.212 Loaded shared library C:\Users\emran\.vscode\extensions\redhat.java-1.53.0-win32-x64\jre\21.0.10-win32-x86_64\bin\nio.dll
Event: 0.217 Loaded shared library C:\Users\emran\.vscode\extensions\redhat.java-1.53.0-win32-x64\jre\21.0.10-win32-x86_64\bin\zip.dll
Event: 0.242 Loaded shared library C:\Users\emran\.vscode\extensions\redhat.java-1.53.0-win32-x64\jre\21.0.10-win32-x86_64\bin\jimage.dll
Event: 0.377 Loaded shared library c:\Users\emran\.vscode\extensions\redhat.java-1.53.0-win32-x64\jre\21.0.10-win32-x86_64\bin\verify.dll
Event: 15.976 Loaded shared library C:\Users\emran\AppData\Roaming\Code\User\globalStorage\redhat.java\1.53.0\config_win\org.eclipse.equinox.launcher\org.eclipse.equinox.launcher.win32.win32.x86_64_1.3.0.v20260203-2149\eclipse_11919.dll
Event: 29.747 Loaded shared library C:\Users\emran\.vscode\extensions\redhat.java-1.53.0-win32-x64\jre\21.0.10-win32-x86_64\bin\management.dll
Event: 29.756 Loaded shared library C:\Users\emran\.vscode\extensions\redhat.java-1.53.0-win32-x64\jre\21.0.10-win32-x86_64\bin\management_ext.dll
Event: 32.392 Loaded shared library C:\Users\emran\AppData\Local\Temp\jna-96635511\jna1361561391026410853.dll
Event: 32.890 Loaded shared library C:\Users\emran\.vscode\extensions\redhat.java-1.53.0-win32-x64\jre\21.0.10-win32-x86_64\bin\sunmscapi.dll
Event: 34.007 Loaded shared library C:\Users\emran\.vscode\extensions\redhat.java-1.53.0-win32-x64\jre\21.0.10-win32-x86_64\bin\extnet.dll

Deoptimization events (20 events):
Event: 1318.493 Thread 0x000001c5e7af0d80 Uncommon trap: trap_request=0xffffff45 fr.pc=0x000001c590756a20 relative=0x0000000000000140
Event: 1318.494 Thread 0x000001c5e7af0d80 Uncommon trap: reason=unstable_if action=reinterpret pc=0x000001c590756a20 method=org.eclipse.jdt.internal.core.JavaModel.getWorkspaceTarget(Lorg/eclipse/core/runtime/IPath;)Lorg/eclipse/core/resources/IResource; @ 1 c2
Event: 1318.494 Thread 0x000001c5e7af0d80 DEOPT PACKING pc=0x000001c590756a20 sp=0x000000a027bfebb0
Event: 1318.494 Thread 0x000001c5e7af0d80 DEOPT UNPACKING pc=0x000001c58f766da2 sp=0x000000a027bfeaf0 mode 2
Event: 1318.494 Thread 0x000001c5e7af0d80 Uncommon trap: trap_request=0xffffff45 fr.pc=0x000001c590718894 relative=0x0000000000001954
Event: 1318.494 Thread 0x000001c5e7af0d80 Uncommon trap: reason=unstable_if action=reinterpret pc=0x000001c590718894 method=org.eclipse.jdt.internal.core.JavaModel.getExternalTarget(Lorg/eclipse/core/runtime/IPath;Z)Ljava/lang/Object; @ 1 c2
Event: 1318.494 Thread 0x000001c5e7af0d80 DEOPT PACKING pc=0x000001c590718894 sp=0x000000a027bfeaf0
Event: 1318.494 Thread 0x000001c5e7af0d80 DEOPT UNPACKING pc=0x000001c58f766da2 sp=0x000000a027bfead8 mode 2
Event: 1318.494 Thread 0x000001c5e7af0d80 Uncommon trap: trap_request=0xffffff45 fr.pc=0x000001c590757dc4 relative=0x00000000000000e4
Event: 1318.494 Thread 0x000001c5e7af0d80 Uncommon trap: reason=unstable_if action=reinterpret pc=0x000001c590757dc4 method=org.eclipse.jdt.internal.core.JavaModel.getWorkspaceTarget(Lorg/eclipse/core/runtime/IPath;)Lorg/eclipse/core/resources/IResource; @ 1 c2
Event: 1318.494 Thread 0x000001c5e7af0d80 DEOPT PACKING pc=0x000001c590757dc4 sp=0x000000a027bfeb50
Event: 1318.494 Thread 0x000001c5e7af0d80 DEOPT UNPACKING pc=0x000001c58f766da2 sp=0x000000a027bfeae8 mode 2
Event: 1318.512 Thread 0x000001c5e7af0d80 Uncommon trap: trap_request=0xffffff45 fr.pc=0x000001c58fdeace4 relative=0x0000000000000144
Event: 1318.512 Thread 0x000001c5e7af0d80 Uncommon trap: reason=unstable_if action=reinterpret pc=0x000001c58fdeace4 method=java.util.stream.StreamOpFlag.getMask(I)I @ 1 c2
Event: 1318.512 Thread 0x000001c5e7af0d80 DEOPT PACKING pc=0x000001c58fdeace4 sp=0x000000a027bfeae0
Event: 1318.512 Thread 0x000001c5e7af0d80 DEOPT UNPACKING pc=0x000001c58f766da2 sp=0x000000a027bfe9a0 mode 2
Event: 1318.566 Thread 0x000001c5e7af0d80 Uncommon trap: trap_request=0xffffffde fr.pc=0x000001c590b59664 relative=0x00000000000001c4
Event: 1318.566 Thread 0x000001c5e7af0d80 Uncommon trap: reason=class_check action=maybe_recompile pc=0x000001c590b59664 method=java.lang.invoke.LambdaForm$MH/0x000001c59d01fc00.invoke(Ljava/lang/Object;Ljava/lang/Object;Ljava/lang/Object;)Ljava/lang/Object; @ 57 c2
Event: 1318.566 Thread 0x000001c5e7af0d80 DEOPT PACKING pc=0x000001c590b59664 sp=0x000000a027bfec90
Event: 1318.566 Thread 0x000001c5e7af0d80 DEOPT UNPACKING pc=0x000001c58f766da2 sp=0x000000a027bfebd8 mode 2

Classes loaded (20 events):
Event: 70.540 Loading class java/util/concurrent/CompletableFuture$UniAccept
Event: 70.540 Loading class java/util/concurrent/CompletableFuture$UniAccept done
Event: 70.540 Loading class java/util/concurrent/CompletableFuture$UniExceptionally
Event: 70.540 Loading class java/util/concurrent/CompletableFuture$UniExceptionally done
Event: 70.762 Loading class jdk/internal/module/IllegalAccessLogger
Event: 70.762 Loading class jdk/internal/module/IllegalAccessLogger done
Event: 72.102 Loading class java/io/CharArrayWriter
Event: 72.102 Loading class java/io/CharArrayWriter done
Event: 72.731 Loading class java/util/HashMap$EntrySpliterator
Event: 72.731 Loading class java/util/HashMap$EntrySpliterator done
Event: 73.585 Loading class jdk/internal/module/IllegalAccessLogger
Event: 73.585 Loading class jdk/internal/module/IllegalAccessLogger done
Event: 74.641 Loading class jdk/internal/module/IllegalAccessLogger
Event: 74.641 Loading class jdk/internal/module/IllegalAccessLogger done
Event: 685.061 Loading class java/io/SequenceInputStream
Event: 685.061 Loading class java/io/SequenceInputStream done
Event: 1318.510 Loading class java/util/stream/ReferencePipeline$15
Event: 1318.511 Loading class java/util/stream/ReferencePipeline$15 done
Event: 1318.513 Loading class java/util/stream/ReferencePipeline$15$1
Event: 1318.513 Loading class java/util/stream/ReferencePipeline$15$1 done

Classes unloaded (17 events):
Event: 30.820 Thread 0x000001c585088730 Unloading class 0x000001c59d1b8800 'java/lang/invoke/LambdaForm$MH+0x000001c59d1b8800'
Event: 30.820 Thread 0x000001c585088730 Unloading class 0x000001c59d1b8400 'java/lang/invoke/LambdaForm$MH+0x000001c59d1b8400'
Event: 30.820 Thread 0x000001c585088730 Unloading class 0x000001c59d1b8000 'java/lang/invoke/LambdaForm$MH+0x000001c59d1b8000'
Event: 30.820 Thread 0x000001c585088730 Unloading class 0x000001c59d1b7c00 'java/lang/invoke/LambdaForm$MH+0x000001c59d1b7c00'
Event: 30.820 Thread 0x000001c585088730 Unloading class 0x000001c59d1b7800 'java/lang/invoke/LambdaForm$BMH+0x000001c59d1b7800'
Event: 30.820 Thread 0x000001c585088730 Unloading class 0x000001c59d1b7400 'java/lang/invoke/LambdaForm$DMH+0x000001c59d1b7400'
Event: 30.820 Thread 0x000001c585088730 Unloading class 0x000001c59d1b6000 'java/lang/invoke/LambdaForm$DMH+0x000001c59d1b6000'
Event: 33.240 Thread 0x000001c585088730 Unloading class 0x000001c59d2f6c00 'java/lang/invoke/LambdaForm$MH+0x000001c59d2f6c00'
Event: 33.240 Thread 0x000001c585088730 Unloading class 0x000001c59d2f6800 'java/lang/invoke/LambdaForm$MH+0x000001c59d2f6800'
Event: 33.240 Thread 0x000001c585088730 Unloading class 0x000001c59d2f6000 'java/lang/invoke/LambdaForm$MH+0x000001c59d2f6000'
Event: 33.240 Thread 0x000001c585088730 Unloading class 0x000001c59d2f5400 'java/lang/invoke/LambdaForm$MH+0x000001c59d2f5400'
Event: 33.240 Thread 0x000001c585088730 Unloading class 0x000001c59d2f5000 'java/lang/invoke/LambdaForm$DMH+0x000001c59d2f5000'
Event: 33.240 Thread 0x000001c585088730 Unloading class 0x000001c59d2f4400 'java/lang/invoke/LambdaForm$MH+0x000001c59d2f4400'
Event: 54.452 Thread 0x000001c585088730 Unloading class 0x000001c59d643800 'java/lang/invoke/LambdaForm$DMH+0x000001c59d643800'
Event: 54.452 Thread 0x000001c585088730 Unloading class 0x000001c59d643400 'java/lang/invoke/LambdaForm$DMH+0x000001c59d643400'
Event: 54.452 Thread 0x000001c585088730 Unloading class 0x000001c59d643000 'java/lang/invoke/LambdaForm$DMH+0x000001c59d643000'
Event: 54.452 Thread 0x000001c585088730 Unloading class 0x000001c59d642c00 'java/lang/invoke/LambdaForm$DMH+0x000001c59d642c00'

Classes redefined (0 events):
No events

Internal exceptions (20 events):
Event: 93.689 Thread 0x000001c5ded684b0 Exception <a 'sun/nio/fs/WindowsException'{0x00000000d58b7a00}> (0x00000000d58b7a00) 
thrown [s\src\hotspot\share\prims\jni.cpp, line 520]
Event: 93.727 Thread 0x000001c5ded684b0 Exception <a 'sun/nio/fs/WindowsException'{0x00000000d5688da8}> (0x00000000d5688da8) 
thrown [s\src\hotspot\share\prims\jni.cpp, line 520]
Event: 93.754 Thread 0x000001c5ded684b0 Exception <a 'sun/nio/fs/WindowsException'{0x00000000d56ee240}> (0x00000000d56ee240) 
thrown [s\src\hotspot\share\prims\jni.cpp, line 520]
Event: 93.779 Thread 0x000001c5ded684b0 Exception <a 'sun/nio/fs/WindowsException'{0x00000000d5827208}> (0x00000000d5827208) 
thrown [s\src\hotspot\share\prims\jni.cpp, line 520]
Event: 93.800 Thread 0x000001c5ded684b0 Exception <a 'sun/nio/fs/WindowsException'{0x00000000d58d3a60}> (0x00000000d58d3a60) 
thrown [s\src\hotspot\share\prims\jni.cpp, line 520]
Event: 94.019 Thread 0x000001c5ded684b0 Exception <a 'sun/nio/fs/WindowsException'{0x00000000d5a08830}> (0x00000000d5a08830) 
thrown [s\src\hotspot\share\prims\jni.cpp, line 520]
Event: 94.050 Thread 0x000001c5ded684b0 Exception <a 'sun/nio/fs/WindowsException'{0x00000000d5ae63b8}> (0x00000000d5ae63b8) 
thrown [s\src\hotspot\share\prims\jni.cpp, line 520]
Event: 94.202 Thread 0x000001c5ded684b0 Exception <a 'sun/nio/fs/WindowsException'{0x00000000d5843398}> (0x00000000d5843398) 
thrown [s\src\hotspot\share\prims\jni.cpp, line 520]
Event: 94.242 Thread 0x000001c5ded684b0 Exception <a 'sun/nio/fs/WindowsException'{0x00000000d59bd090}> (0x00000000d59bd090) 
thrown [s\src\hotspot\share\prims\jni.cpp, line 520]
Event: 367.362 Thread 0x000001c5de7693f0 Exception <a 'sun/nio/fs/WindowsException'{0x00000000d55aacc0}> (0x00000000d55aacc0) 
thrown [s\src\hotspot\share\prims\jni.cpp, line 520]
Event: 367.362 Thread 0x000001c5de7693f0 Exception <a 'sun/nio/fs/WindowsException'{0x00000000d55aba68}> (0x00000000d55aba68) 
thrown [s\src\hotspot\share\prims\jni.cpp, line 520]
Event: 650.114 Thread 0x000001c5de76c870 Exception <a 'java/lang/IncompatibleClassChangeError'{0x00000000d587d780}: Found class java.lang.Object, but interface was expected> (0x00000000d587d780) 
thrown [s\src\hotspot\share\interpreter\linkResolver.cpp, line 840]
Event: 668.045 Thread 0x000001c5e7af0d80 Exception <a 'java/lang/IncompatibleClassChangeError'{0x00000000d58184f0}: Found class java.lang.Object, but interface was expected> (0x00000000d58184f0) 
thrown [s\src\hotspot\share\interpreter\linkResolver.cpp, line 840]
Event: 668.170 Thread 0x000001c5e7af0d80 Implicit null exception at 0x000001c590ab459f to 0x000001c590ab5888
Event: 684.948 Thread 0x000001c5de76c870 Implicit null exception at 0x000001c590ab7c4f to 0x000001c590ab8b94
Event: 686.457 Thread 0x000001c5de7693f0 Implicit null exception at 0x000001c590acf213 to 0x000001c590acfb30
Event: 1317.817 Thread 0x000001c5de76c870 Exception <a 'java/lang/IncompatibleClassChangeError'{0x00000000d56c9aa0}: Found class java.lang.Object, but interface was expected> (0x00000000d56c9aa0) 
thrown [s\src\hotspot\share\interpreter\linkResolver.cpp, line 840]
Event: 1318.493 Thread 0x000001c5e7af0d80 Implicit null exception at 0x000001c590756904 to 0x000001c590756a0c
Event: 1318.494 Thread 0x000001c5e7af0d80 Implicit null exception at 0x000001c590716f66 to 0x000001c590718880
Event: 1318.494 Thread 0x000001c5e7af0d80 Implicit null exception at 0x000001c590757cfa to 0x000001c590757db4

ZGC Phase Switch (0 events):
No events

VM Operations (20 events):
Event: 1318.356 Executing non-safepoint VM operation: HandshakeAllThreads (Deoptimize) done
Event: 1318.378 Executing non-safepoint VM operation: HandshakeAllThreads (Deoptimize)
Event: 1318.380 Executing non-safepoint VM operation: HandshakeAllThreads (Deoptimize) done
Event: 1318.395 Executing safepoint VM operation: ParallelGCFailedAllocation (Allocation Failure)
Event: 1318.398 Executing safepoint VM operation: ParallelGCFailedAllocation (Allocation Failure) done
Event: 1318.419 Executing safepoint VM operation: ParallelGCFailedAllocation (Allocation Failure)
Event: 1318.422 Executing safepoint VM operation: ParallelGCFailedAllocation (Allocation Failure) done
Event: 1318.452 Executing safepoint VM operation: ParallelGCFailedAllocation (Allocation Failure)
Event: 1318.455 Executing safepoint VM operation: ParallelGCFailedAllocation (Allocation Failure) done
Event: 1318.464 Executing safepoint VM operation: ParallelGCFailedAllocation (Allocation Failure)
Event: 1318.468 Executing safepoint VM operation: ParallelGCFailedAllocation (Allocation Failure) done
Event: 1318.489 Executing safepoint VM operation: ParallelGCFailedAllocation (Allocation Failure)
Event: 1318.492 Executing safepoint VM operation: ParallelGCFailedAllocation (Allocation Failure) done
Event: 1318.522 Executing safepoint VM operation: ParallelGCFailedAllocation (Allocation Failure)
Event: 1318.538 Executing safepoint VM operation: ParallelGCFailedAllocation (Allocation Failure) done
Event: 1318.563 Executing safepoint VM operation: ParallelGCFailedAllocation (Allocation Failure)
Event: 1318.565 Executing safepoint VM operation: ParallelGCFailedAllocation (Allocation Failure) done
Event: 1318.576 Executing safepoint VM operation: ParallelGCFailedAllocation (Allocation Failure)
Event: 1318.580 Executing safepoint VM operation: ParallelGCFailedAllocation (Allocation Failure) done
Event: 1318.598 Executing safepoint VM operation: ParallelGCFailedAllocation (Allocation Failure)

Memory protections (0 events):
No events

Nmethod flushes (20 events):
Event: 694.659 Thread 0x000001c585088730 flushing  nmethod 0x000001c589538210
Event: 694.659 Thread 0x000001c585088730 flushing  nmethod 0x000001c5895b6890
Event: 694.659 Thread 0x000001c585088730 flushing  nmethod 0x000001c5895c5090
Event: 694.659 Thread 0x000001c585088730 flushing  nmethod 0x000001c5895e8410
Event: 694.659 Thread 0x000001c585088730 flushing  nmethod 0x000001c5895f7690
Event: 694.659 Thread 0x000001c585088730 flushing  nmethod 0x000001c5895f7b10
Event: 694.659 Thread 0x000001c585088730 flushing  nmethod 0x000001c5895f8b90
Event: 694.659 Thread 0x000001c585088730 flushing  nmethod 0x000001c5895fc290
Event: 694.659 Thread 0x000001c585088730 flushing  nmethod 0x000001c5895fd010
Event: 694.659 Thread 0x000001c585088730 flushing  nmethod 0x000001c589600f10
Event: 694.659 Thread 0x000001c585088730 flushing  nmethod 0x000001c58966a090
Event: 694.659 Thread 0x000001c585088730 flushing  nmethod 0x000001c58966a810
Event: 694.659 Thread 0x000001c585088730 flushing  nmethod 0x000001c58966b110
Event: 694.659 Thread 0x000001c585088730 flushing  nmethod 0x000001c58968a110
Event: 694.659 Thread 0x000001c585088730 flushing  nmethod 0x000001c58968e790
Event: 694.659 Thread 0x000001c585088730 flushing  nmethod 0x000001c589691710
Event: 694.659 Thread 0x000001c585088730 flushing  nmethod 0x000001c589693290
Event: 694.659 Thread 0x000001c585088730 flushing  nmethod 0x000001c589693d90
Event: 694.659 Thread 0x000001c585088730 flushing  nmethod 0x000001c5896ace90
Event: 694.659 Thread 0x000001c585088730 flushing  nmethod 0x000001c589756910

Events (20 events):
Event: 692.436 Thread 0x000001c5e7af34e0 Thread exited: 0x000001c5e7af34e0
Event: 693.081 Thread 0x000001c5e7af2e50 Thread added: 0x000001c5e7af3b70
Event: 693.796 Thread 0x000001c584f65210 Thread added: 0x000001c5e87cf0b0
Event: 693.796 Thread 0x000001c584f65210 Thread added: 0x000001c5e87ce9e0
Event: 699.329 Thread 0x000001c5e87ce9e0 Thread exited: 0x000001c5e87ce9e0
Event: 699.745 Thread 0x000001c5e87cf0b0 Thread exited: 0x000001c5e87cf0b0
Event: 707.301 Thread 0x000001c5de376b90 Thread added: 0x000001c5e9c7df30
Event: 711.511 Thread 0x000001c5e9c7df30 Thread exited: 0x000001c5e9c7df30
Event: 712.088 Thread 0x000001c584f65210 Thread added: 0x000001c5e6a8c070
Event: 717.180 Thread 0x000001c5e6a8c070 Thread exited: 0x000001c5e6a8c070
Event: 728.187 Thread 0x000001c5e7af0d80 Thread exited: 0x000001c5e7af0d80
Event: 772.162 Thread 0x000001c5e7af2e50 Thread exited: 0x000001c5e7af2e50
Event: 788.189 Thread 0x000001c5e7af27c0 Thread exited: 0x000001c5e7af27c0
Event: 846.841 Thread 0x000001c5de376b90 Thread added: 0x000001c5e87d0520
Event: 849.864 Thread 0x000001c5e87d0520 Thread exited: 0x000001c5e87d0520
Event: 850.318 Thread 0x000001c584f65210 Thread added: 0x000001c5e50ba070
Event: 855.579 Thread 0x000001c5e50ba070 Thread exited: 0x000001c5e50ba070
Event: 1317.843 Thread 0x000001c5de76c870 Thread added: 0x000001c5e7af0d80
Event: 1318.337 Thread 0x000001c5de376b90 Thread added: 0x000001c5e87cf780
Event: 1318.388 Thread 0x000001c5de376b90 Thread added: 0x000001c5e87d0520


Dynamic libraries:
0x00007ff60ae30000 - 0x00007ff60ae3e000 	c:\Users\emran\.vscode\extensions\redhat.java-1.53.0-win32-x64\jre\21.0.10-win32-x86_64\bin\java.exe
0x00007fff517c0000 - 0x00007fff51a27000 	C:\WINDOWS\SYSTEM32\ntdll.dll
0x00007fff50700000 - 0x00007fff507c9000 	C:\WINDOWS\System32\KERNEL32.DLL
0x00007fff4ecf0000 - 0x00007fff4f0e1000 	C:\WINDOWS\System32\KERNELBASE.dll
0x00007fff4f410000 - 0x00007fff4f55b000 	C:\WINDOWS\System32\ucrtbase.dll
0x00007fff00d70000 - 0x00007fff00d8e000 	c:\Users\emran\.vscode\extensions\redhat.java-1.53.0-win32-x64\jre\21.0.10-win32-x86_64\bin\VCRUNTIME140.dll
0x00007ffef5570000 - 0x00007ffef5588000 	c:\Users\emran\.vscode\extensions\redhat.java-1.53.0-win32-x64\jre\21.0.10-win32-x86_64\bin\jli.dll
0x00007fff4fcb0000 - 0x00007fff4fe75000 	C:\WINDOWS\System32\USER32.dll
0x00007fff4ec00000 - 0x00007fff4ec27000 	C:\WINDOWS\System32\win32u.dll
0x00007fff50640000 - 0x00007fff5066b000 	C:\WINDOWS\System32\GDI32.dll
0x00007fff2c560000 - 0x00007fff2c7f3000 	C:\WINDOWS\WinSxS\amd64_microsoft.windows.common-controls_6595b64144ccf1df_6.0.26100.7922_none_3e089e1ee3342171\COMCTL32.dll
0x00007fff50060000 - 0x00007fff50109000 	C:\WINDOWS\System32\msvcrt.dll
0x00007fff4f0f0000 - 0x00007fff4f21a000 	C:\WINDOWS\System32\gdi32full.dll
0x00007fff4f220000 - 0x00007fff4f2c3000 	C:\WINDOWS\System32\msvcp_win.dll
0x00007fff514d0000 - 0x00007fff51501000 	C:\WINDOWS\System32\IMM32.DLL
0x00007fff2b7c0000 - 0x00007fff2b8b2000 	C:\Program Files\Windhawk\Engine\1.7.3\64\windhawk.dll
0x00007fff50ad0000 - 0x00007fff50b8b000 	C:\WINDOWS\System32\ADVAPI32.dll
0x00007fff509c0000 - 0x00007fff50a67000 	C:\WINDOWS\System32\sechost.dll
0x00007fff4f5f0000 - 0x00007fff4f708000 	C:\WINDOWS\System32\RPCRT4.dll
0x00007fff0b470000 - 0x00007fff0b47c000 	c:\Users\emran\.vscode\extensions\redhat.java-1.53.0-win32-x64\jre\21.0.10-win32-x86_64\bin\vcruntime140_1.dll
0x00007ffede230000 - 0x00007ffede2bd000 	c:\Users\emran\.vscode\extensions\redhat.java-1.53.0-win32-x64\jre\21.0.10-win32-x86_64\bin\msvcp140.dll
0x00007ffe6e3c0000 - 0x00007ffe6f161000 	c:\Users\emran\.vscode\extensions\redhat.java-1.53.0-win32-x64\jre\21.0.10-win32-x86_64\bin\server\jvm.dll
0x00007fff51520000 - 0x00007fff51594000 	C:\WINDOWS\System32\WS2_32.dll
0x00007fff4df00000 - 0x00007fff4df5e000 	C:\WINDOWS\SYSTEM32\POWRPROF.dll
0x00007fff341e0000 - 0x00007fff34215000 	C:\WINDOWS\SYSTEM32\WINMM.dll
0x00007fff3c9b0000 - 0x00007fff3c9bb000 	C:\WINDOWS\SYSTEM32\VERSION.dll
0x00007fff4dee0000 - 0x00007fff4def4000 	C:\WINDOWS\SYSTEM32\UMPDC.dll
0x00007fff4cdf0000 - 0x00007fff4ce0b000 	C:\WINDOWS\SYSTEM32\kernel.appcore.dll
0x00007fff00d60000 - 0x00007fff00d6a000 	c:\Users\emran\.vscode\extensions\redhat.java-1.53.0-win32-x64\jre\21.0.10-win32-x86_64\bin\jimage.dll
0x00007fff4bab0000 - 0x00007fff4bcf2000 	C:\WINDOWS\SYSTEM32\DBGHELP.DLL
0x00007fff502b0000 - 0x00007fff50632000 	C:\WINDOWS\System32\combase.dll
0x00007fff508e0000 - 0x00007fff509b7000 	C:\WINDOWS\System32\OLEAUT32.dll
0x00007fff2c520000 - 0x00007fff2c55b000 	C:\WINDOWS\SYSTEM32\dbgcore.DLL
0x00007fff4f2d0000 - 0x00007fff4f375000 	C:\WINDOWS\System32\bcryptPrimitives.dll
0x00007ffefbe60000 - 0x00007ffefbe6f000 	c:\Users\emran\.vscode\extensions\redhat.java-1.53.0-win32-x64\jre\21.0.10-win32-x86_64\bin\instrument.dll
0x00007ffee16e0000 - 0x00007ffee1700000 	c:\Users\emran\.vscode\extensions\redhat.java-1.53.0-win32-x64\jre\21.0.10-win32-x86_64\bin\java.dll
0x00007fff50c60000 - 0x00007fff513bf000 	C:\WINDOWS\System32\SHELL32.dll
0x00007fff4e0a0000 - 0x00007fff4e20a000 	C:\WINDOWS\System32\wintypes.dll
0x00007fff4e390000 - 0x00007fff4ebf4000 	C:\WINDOWS\System32\windows.storage.dll
0x00007fff4f710000 - 0x00007fff4f807000 	C:\WINDOWS\System32\SHCORE.dll
0x00007fff50670000 - 0x00007fff506d7000 	C:\WINDOWS\System32\shlwapi.dll
0x00007fff4dfc0000 - 0x00007fff4dfe9000 	C:\WINDOWS\SYSTEM32\profapi.dll
0x00007ffee16c0000 - 0x00007ffee16d8000 	c:\Users\emran\.vscode\extensions\redhat.java-1.53.0-win32-x64\jre\21.0.10-win32-x86_64\bin\zip.dll
0x00007ffef86d0000 - 0x00007ffef86e0000 	C:\Users\emran\.vscode\extensions\redhat.java-1.53.0-win32-x64\jre\21.0.10-win32-x86_64\bin\net.dll
0x00007fff43e70000 - 0x00007fff43f97000 	C:\WINDOWS\SYSTEM32\WINHTTP.dll
0x00007fff4d340000 - 0x00007fff4d3ab000 	C:\WINDOWS\system32\mswsock.dll
0x00007ffedfa90000 - 0x00007ffedfaa6000 	C:\Users\emran\.vscode\extensions\redhat.java-1.53.0-win32-x64\jre\21.0.10-win32-x86_64\bin\nio.dll
0x00007ffef8570000 - 0x00007ffef8580000 	c:\Users\emran\.vscode\extensions\redhat.java-1.53.0-win32-x64\jre\21.0.10-win32-x86_64\bin\verify.dll
0x00007ffefa6d0000 - 0x00007ffefa715000 	C:\Users\emran\AppData\Roaming\Code\User\globalStorage\redhat.java\1.53.0\config_win\org.eclipse.equinox.launcher\org.eclipse.equinox.launcher.win32.win32.x86_64_1.3.0.v20260203-2149\eclipse_11919.dll
0x00007fff50110000 - 0x00007fff502a5000 	C:\WINDOWS\System32\ole32.dll
0x00007ffef8250000 - 0x00007ffef825a000 	C:\Users\emran\.vscode\extensions\redhat.java-1.53.0-win32-x64\jre\21.0.10-win32-x86_64\bin\management.dll
0x00007ffef7810000 - 0x00007ffef781c000 	C:\Users\emran\.vscode\extensions\redhat.java-1.53.0-win32-x64\jre\21.0.10-win32-x86_64\bin\management_ext.dll
0x00007fff4fca0000 - 0x00007fff4fca8000 	C:\WINDOWS\System32\PSAPI.DLL
0x00007fff4d740000 - 0x00007fff4d75b000 	C:\WINDOWS\SYSTEM32\CRYPTSP.dll
0x00007fff4cd50000 - 0x00007fff4cd89000 	C:\WINDOWS\system32\rsaenh.dll
0x00007fff4d3f0000 - 0x00007fff4d422000 	C:\WINDOWS\SYSTEM32\USERENV.dll
0x00007fff4df90000 - 0x00007fff4dfba000 	C:\WINDOWS\SYSTEM32\bcrypt.dll
0x00007fff4d5a0000 - 0x00007fff4d5ac000 	C:\WINDOWS\SYSTEM32\CRYPTBASE.dll
0x00007fff4c7e0000 - 0x00007fff4c813000 	C:\WINDOWS\SYSTEM32\IPHLPAPI.DLL
0x00007fff50b90000 - 0x00007fff50b9a000 	C:\WINDOWS\System32\NSI.dll
0x00007ffedd480000 - 0x00007ffedd4c9000 	C:\Users\emran\AppData\Local\Temp\jna-96635511\jna1361561391026410853.dll
0x00007fff48310000 - 0x00007fff4832d000 	C:\WINDOWS\SYSTEM32\dhcpcsvc6.DLL
0x00007fff48280000 - 0x00007fff482a3000 	C:\WINDOWS\SYSTEM32\dhcpcsvc.DLL
0x00007ffef6aa0000 - 0x00007ffef6aae000 	C:\Users\emran\.vscode\extensions\redhat.java-1.53.0-win32-x64\jre\21.0.10-win32-x86_64\bin\sunmscapi.dll
0x00007fff4e210000 - 0x00007fff4e387000 	C:\WINDOWS\System32\CRYPT32.dll
0x00007fff4d8a0000 - 0x00007fff4d8d0000 	C:\WINDOWS\SYSTEM32\ncrypt.dll
0x00007fff4d850000 - 0x00007fff4d88f000 	C:\WINDOWS\SYSTEM32\NTASN1.dll
0x00007fff4c870000 - 0x00007fff4c99a000 	C:\WINDOWS\SYSTEM32\DNSAPI.dll
0x00007fff3e5c0000 - 0x00007fff3e5cb000 	C:\Windows\System32\rasadhlp.dll
0x00007fff48530000 - 0x00007fff485b6000 	C:\WINDOWS\System32\fwpuclnt.dll
0x00007ffef5840000 - 0x00007ffef5849000 	C:\Users\emran\.vscode\extensions\redhat.java-1.53.0-win32-x64\jre\21.0.10-win32-x86_64\bin\extnet.dll
0x00007fff4cf10000 - 0x00007fff4cf46000 	C:\WINDOWS\SYSTEM32\ntmarta.dll

JVMTI agents:
c:\Users\emran\.vscode\extensions\redhat.java-1.53.0-win32-x64\lombok\lombok-1.18.39-4050.jar path:c:\Users\emran\.vscode\extensions\redhat.java-1.53.0-win32-x64\jre\21.0.10-win32-x86_64\bin\instrument.dll, loaded, initialized, instrumentlib options:none

dbghelp: loaded successfully - version: 4.0.5 - missing functions: none
symbol engine: initialized successfully - sym options: 0x614 - pdb path: .;c:\Users\emran\.vscode\extensions\redhat.java-1.53.0-win32-x64\jre\21.0.10-win32-x86_64\bin;C:\WINDOWS\SYSTEM32;C:\WINDOWS\WinSxS\amd64_microsoft.windows.common-controls_6595b64144ccf1df_6.0.26100.7922_none_3e089e1ee3342171;C:\Program Files\Windhawk\Engine\1.7.3\64;c:\Users\emran\.vscode\extensions\redhat.java-1.53.0-win32-x64\jre\21.0.10-win32-x86_64\bin\server;C:\Users\emran\AppData\Roaming\Code\User\globalStorage\redhat.java\1.53.0\config_win\org.eclipse.equinox.launcher\org.eclipse.equinox.launcher.win32.win32.x86_64_1.3.0.v20260203-2149;C:\Users\emran\AppData\Local\Temp\jna-96635511

VM Arguments:
jvm_args: --add-modules=ALL-SYSTEM --add-opens=java.base/java.util=ALL-UNNAMED --add-opens=java.base/java.lang=ALL-UNNAMED --add-opens=java.base/sun.nio.fs=ALL-UNNAMED -Declipse.application=org.eclipse.jdt.ls.core.id1 -Dosgi.bundles.defaultStartLevel=4 -Declipse.product=org.eclipse.jdt.ls.core.product -Djava.import.generatesMetadataFilesAtProjectRoot=false -DDetectVMInstallationsJob.disabled=true -Dfile.encoding=utf8 -XX:+UseParallelGC -XX:GCTimeRatio=4 -XX:AdaptiveSizePolicyWeight=90 -Dsun.zip.disableMemoryMapping=true -Xmx2G -Xms100m -Xlog:disable -javaagent:c:\Users\emran\.vscode\extensions\redhat.java-1.53.0-win32-x64\lombok\lombok-1.18.39-4050.jar -XX:+HeapDumpOnOutOfMemoryError -XX:HeapDumpPath=c:\Users\emran\AppData\Roaming\Code\User\workspaceStorage\931290c54a4449628bc53f0bcee16a77\redhat.java -Daether.dependencyCollector.impl=bf 
java_command: c:\Users\emran\.vscode\extensions\redhat.java-1.53.0-win32-x64\server\plugins\org.eclipse.equinox.launcher_1.7.100.v20251111-0406.jar -configuration c:\Users\emran\AppData\Roaming\Code\User\globalStorage\redhat.java\1.53.0\config_win -data c:\Users\emran\AppData\Roaming\Code\User\workspaceStorage\931290c54a4449628bc53f0bcee16a77\redhat.java\jdt_ws --pipe=\\.\pipe\lsp-8dc6457639f82b988b9371193c43cb71-sock
java_class_path (initial): c:\Users\emran\.vscode\extensions\redhat.java-1.53.0-win32-x64\server\plugins\org.eclipse.equinox.launcher_1.7.100.v20251111-0406.jar
Launcher Type: SUN_STANDARD

[Global flags]
    uintx AdaptiveSizePolicyWeight                 = 90                                        {product} {command line}
     intx CICompilerCount                          = 4                                         {product} {ergonomic}
    uintx GCTimeRatio                              = 4                                         {product} {command line}
     bool HeapDumpOnOutOfMemoryError               = true                                   {manageable} {command line}
    ccstr HeapDumpPath                             = c:\Users\emran\AppData\Roaming\Code\User\workspaceStorage\931290c54a4449628bc53f0bcee16a77\redhat.java         {manageable} {command line}
   size_t InitialHeapSize                          = 104857600                                 {product} {command line}
   size_t MaxHeapSize                              = 2147483648                                {product} {command line}
   size_t MaxNewSize                               = 715653120                                 {product} {ergonomic}
   size_t MinHeapDeltaBytes                        = 524288                                    {product} {ergonomic}
   size_t MinHeapSize                              = 104857600                                 {product} {command line}
   size_t NewSize                                  = 34603008                                  {product} {ergonomic}
    uintx NonNMethodCodeHeapSize                   = 5839372                                {pd product} {ergonomic}
    uintx NonProfiledCodeHeapSize                  = 122909434                              {pd product} {ergonomic}
   size_t OldSize                                  = 70254592                                  {product} {ergonomic}
    uintx ProfiledCodeHeapSize                     = 122909434                              {pd product} {ergonomic}
    uintx ReservedCodeCacheSize                    = 251658240                              {pd product} {ergonomic}
     bool SegmentedCodeCache                       = true                                      {product} {ergonomic}
   size_t SoftMaxHeapSize                          = 2147483648                             {manageable} {ergonomic}
     bool UseCompressedOops                        = true                           {product lp64_product} {ergonomic}
     bool UseLargePagesIndividualAllocation        = false                                  {pd product} {ergonomic}
     bool UseParallelGC                            = true                                      {product} {command line}

Logging:
Log output configuration:
 #0: stdout all=off uptime,level,tags foldmultilines=false
 #1: stderr all=off uptime,level,tags foldmultilines=false

Release file:
JAVA_VERSION="21.0.10" 
MODULES="java.base java.compiler java.datatransfer java.xml java.prefs java.desktop java.instrument java.logging java.management java.security.sasl java.naming java.rmi java.management.rmi java.net.http java.scripting java.security.jgss java.transaction.xa java.sql java.sql.rowset java.xml.crypto java.se java.smartcardio jdk.accessibility jdk.internal.jvmstat jdk.attach jdk.charsets jdk.internal.opt jdk.zipfs jdk.compiler jdk.crypto.ec jdk.crypto.cryptoki jdk.crypto.mscapi jdk.dynalink jdk.internal.ed jdk.editpad jdk.hotspot.agent jdk.httpserver jdk.internal.le jdk.internal.vm.ci jdk.internal.vm.compiler jdk.internal.vm.compiler.management jdk.jartool jdk.javadoc jdk.jcmd jdk.management jdk.management.agent jdk.jconsole jdk.jdeps jdk.jdwp.agent jdk.jdi jdk.jfr jdk.jshell jdk.jsobject jdk.jstatd jdk.localedata jdk.management.jfr jdk.naming.dns jdk.naming.rmi jdk.net jdk.nio.mapmode jdk.random jdk.sctp jdk.security.auth jdk.security.jgss jdk.unsupported jdk.unsupported.desktop jdk.xml.dom" 

Environment Variables:
PATH=C:\Program Files\Common Files\Oracle\Java\javapath;C:\WINDOWS\system32;C:\WINDOWS;C:\WINDOWS\System32\Wbem;C:\WINDOWS\System32\WindowsPowerShell\v1.0\;C:\WINDOWS\System32\OpenSSH\;C:\Program Files\Docker\Docker\resources\bin;C:\Program Files\nodejs\;C:\Program Files\nodejs\node_modules\npm\bin;C:\MinGW\bin;C:\Program Files\nodejs\node_modules\npm\bin;C:\Program Files\Git\cmd;C:\Program Files\ffmpeg-2025-10-16-git-cd4b01707d-essentials_build\bin;C:\ProgramData\chocolatey\bin;C:\ProgramData\chocolatey\bin;C:\flutter\bin;C:\Program Files\dotnet\;C:\Program Files\Pandoc;C:\Program Files (x86)\apache-maven-3.9.12\bin;C:\Program Files\Java\jdk-21\bin;C:\Users\emran\AppData\Local\Programs\Python\Python313\Scripts\;C:\Users\emran\AppData\Local\Programs\Python\Python313\;C:\Users\emran\AppData\Local\Microsoft\WindowsApps;C:\Users\emran\AppData\Local\Programs\Microsoft VS Code\bin;C:\Users\emran\AppData\Roaming\npm;C:\Users\emran\AppData\Local\Microsoft\WinGet\Packages\Gyan.FFmpeg.Essentials_Microsoft.Winget.Source_8wekyb3d8bbwe\ffmpeg-8.0-essentials_build/bin;C:\Program Files\JetBrains\IntelliJ IDEA Community Edition 2025.2\bin
USERNAME=emran
OS=Windows_NT
PROCESSOR_IDENTIFIER=Intel64 Family 6 Model 140 Stepping 1, GenuineIntel
TMP=C:\Users\emran\AppData\Local\Temp
TEMP=C:\Users\emran\AppData\Local\Temp




Periodic native trim disabled

---------------  S Y S T E M  ---------------

OS:
 Windows 11 , 64 bit Build 26100 (10.0.26100.7920)
OS uptime: 0 days 23:21 hours
Hyper-V role detected

CPU: total 8 (initial active 8) (4 cores per cpu, 2 threads per core) family 6 model 140 stepping 1 microcode 0xbc, cx8, cmov, fxsr, ht, mmx, 3dnowpref, sse, sse2, sse3, ssse3, sse4.1, sse4.2, popcnt, lzcnt, tsc, tscinvbit, avx, avx2, aes, erms, clmul, bmi1, bmi2, adx, avx512f, avx512dq, avx512cd, avx512bw, avx512vl, sha, fma, vzeroupper, avx512_vpopcntdq, avx512_vpclmulqdq, avx512_vaes, avx512_vnni, clflush, clflushopt, clwb, avx512_vbmi2, avx512_vbmi, hv, rdtscp, rdpid, fsrm, gfni, avx512_bitalg, f16c, cet_ibt, cet_ss, avx512_ifma
Processor Information for the first 8 processors :
  Max Mhz: 2611, Current Mhz: 2611, Mhz Limit: 2611

Memory: 4k page, system-wide physical 16000M (1151M free)
TotalPageFile size 35248M (AvailPageFile size 0M)
current process WorkingSet (physical memory assigned to process): 200M, peak: 1142M
current process commit charge ("private bytes"): 1190M, peak: 1220M

vm_info: OpenJDK 64-Bit Server VM (21.0.10+7-LTS) for windows-amd64 JRE (21.0.10+7-LTS), built on 2026-01-20T00:00:00Z by "admin" with MS VC++ 17.12 (VS2022)

END.
