#
# There is insufficient memory for the Java Runtime Environment to continue.
# Native memory allocation (mmap) failed to map 264241152 bytes for G1 virtual space
# Possible reasons:
#   The system is out of physical RAM or swap space
#   The process is running with CompressedOops enabled, and the Java Heap may be blocking the growth of the native heap
# Possible solutions:
#   Reduce memory load on the system
#   Increase physical memory or swap space
#   Check if swap backing store is full
#   Decrease Java heap size (-Xmx/-Xms)
#   Decrease number of Java threads
#   Decrease Java thread stack sizes (-Xss)
#   Set larger code cache with -XX:ReservedCodeCacheSize=
#   JVM is running with Zero Based Compressed Oops mode in which the Java heap is
#     placed in the first 32GB address space. The Java Heap base address is the
#     maximum limit for the native heap growth. Please use -XX:HeapBaseMinAddress
#     to set the Java Heap base and to place the Java Heap above 32GB virtual address.
# This output file may be truncated or incomplete.
#
#  Out of Memory Error (os_windows.cpp:3603), pid=26672, tid=27464
#
# JRE version:  (21.0.7+8) (build )
# Java VM: Java HotSpot(TM) 64-Bit Server VM (21.0.7+8-LTS-245, mixed mode, sharing, tiered, compressed oops, compressed class ptrs, g1 gc, windows-amd64)
# No core dump will be written. Minidumps are not enabled by default on client versions of Windows
#

---------------  S U M M A R Y ------------

Command Line: --enable-native-access=ALL-UNNAMED 

Host: 11th Gen Intel(R) Core(TM) i5-1145G7 @ 2.60GHz, 8 cores, 15G,  Windows 11 , 64 bit Build 26100 (10.0.26100.7705)
Time: Sun Feb 15 13:40:38 2026 Bangladesh Standard Time elapsed time: 0.013891 seconds (0d 0h 0m 0s)

---------------  T H R E A D  ---------------

Current thread (0x0000020cff665970):  JavaThread "Unknown thread" [_thread_in_vm, id=27464, stack(0x0000003638400000,0x0000003638500000) (1024K)]

Stack: [0x0000003638400000,0x0000003638500000]
Native frames: (J=compiled Java code, j=interpreted, Vv=VM code, C=native code)
V  [jvm.dll+0x6cae19]
V  [jvm.dll+0x855741]
V  [jvm.dll+0x857c6e]
V  [jvm.dll+0x858343]
V  [jvm.dll+0x27e0b6]
V  [jvm.dll+0x6c7595]
V  [jvm.dll+0x6bc0fa]
V  [jvm.dll+0x353eaa]
V  [jvm.dll+0x35bb26]
V  [jvm.dll+0x3ae52e]
V  [jvm.dll+0x3ae7d8]
V  [jvm.dll+0x3281bc]
V  [jvm.dll+0x328d1b]
V  [jvm.dll+0x81eaf9]
V  [jvm.dll+0x3bb211]
V  [jvm.dll+0x807d78]
V  [jvm.dll+0x4503ee]
V  [jvm.dll+0x451fe1]
C  [jli.dll+0x52a3]
C  [ucrtbase.dll+0x37b0]
C  [KERNEL32.DLL+0x2e8d7]
C  [ntdll.dll+0x8c40c]


---------------  P R O C E S S  ---------------

Threads class SMR info:
_java_thread_list=0x00007ffce195cc48, length=0, elements={
}

Java Threads: ( => current thread )
Total: 0

Other Threads:
  0x0000020cff6c6920 WorkerThread "GC Thread#0"                     [id=25976, stack(0x0000003638500000,0x0000003638600000) (1024K)]
  0x0000020cff6d7310 ConcurrentGCThread "G1 Main Marker"            [id=10144, stack(0x0000003638600000,0x0000003638700000) (1024K)]
  0x0000020cff6d7eb0 WorkerThread "G1 Conc#0"                       [id=27744, stack(0x0000003638700000,0x0000003638800000) (1024K)]

[error occurred during error reporting (printing all threads), id 0xc0000005, EXCEPTION_ACCESS_VIOLATION (0xc0000005) at pc=0x00007ffce10ca947]
VM state: not at safepoint (not fully initialized)

VM Mutex/Monitor currently owned by a thread:  ([mutex/lock_event])
[0x00007ffce19cdf50] Heap_lock - owner thread: 0x0000020cff665970

Heap address: 0x0000000705e00000, size: 4002 MB, Compressed Oops mode: Zero based, Oop shift amount: 3

CDS archive(s) mapped at: [0x0000000000000000-0x0000000000000000-0x0000000000000000), size 0, SharedBaseAddress: 0x0000000800000000, ArchiveRelocationMode: 1.
Narrow klass base: 0x0000000000000000, Narrow klass shift: 0, Narrow klass range: 0x0

GC Precious Log:
 CardTable entry size: 512
 Card Set container configuration: InlinePtr #cards 4 size 8 Array Of Cards #cards 16 size 48 Howl #buckets 8 coarsen threshold 3686 Howl Bitmap #cards 512 size 80 coarsen threshold 460 Card regions per heap region 1 cards per card region 4096

Heap:
 garbage-first heap   total 0K, used 0K [0x0000000705e00000, 0x0000000800000000)
  region size 2048K, 0 young (0K), 0 survivors (0K)

[error occurred during error reporting (printing heap information), id 0xc0000005, EXCEPTION_ACCESS_VIOLATION (0xc0000005) at pc=0x00007ffce14b3e79]
GC Heap History (0 events):
No events

Dll operation events (1 events):
Event: 0.009 Loaded shared library C:\Program Files\Java\jdk-21\bin\java.dll

Deoptimization events (0 events):
No events

Classes loaded (0 events):
No events

Classes unloaded (0 events):
No events

Classes redefined (0 events):
No events

Internal exceptions (0 events):
No events

ZGC Phase Switch (0 events):
No events

VM Operations (0 events):
No events

Events (0 events):
No events


Dynamic libraries:
0x00007ff733c90000 - 0x00007ff733ca0000 	C:\Program Files\Java\jdk-21\bin\java.exe
0x00007ffdc63e0000 - 0x00007ffdc6648000 	C:\WINDOWS\SYSTEM32\ntdll.dll
0x00007ffdc5eb0000 - 0x00007ffdc5f79000 	C:\WINDOWS\System32\KERNEL32.DLL
0x00007ffdc3d80000 - 0x00007ffdc4171000 	C:\WINDOWS\System32\KERNELBASE.dll
0x00007ffdc2cf0000 - 0x00007ffdc2e3b000 	C:\WINDOWS\System32\ucrtbase.dll
0x00007ffd94040000 - 0x00007ffd9405b000 	C:\Program Files\Java\jdk-21\bin\VCRUNTIME140.dll
0x00007ffda5190000 - 0x00007ffda51a9000 	C:\Program Files\Java\jdk-21\bin\jli.dll
0x00007ffdc5d60000 - 0x00007ffdc5e14000 	C:\WINDOWS\System32\ADVAPI32.dll
0x00007ffdc5470000 - 0x00007ffdc5519000 	C:\WINDOWS\System32\msvcrt.dll
0x00007ffdc56a0000 - 0x00007ffdc5746000 	C:\WINDOWS\System32\sechost.dll
0x00007ffdc5980000 - 0x00007ffdc5a98000 	C:\WINDOWS\System32\RPCRT4.dll
0x00007ffdc61d0000 - 0x00007ffdc6396000 	C:\WINDOWS\System32\USER32.dll
0x00007ffd9eec0000 - 0x00007ffd9f153000 	C:\WINDOWS\WinSxS\amd64_microsoft.windows.common-controls_6595b64144ccf1df_6.0.26100.7824_none_3e0870b2e3345462\COMCTL32.dll
0x00007ffdc2cc0000 - 0x00007ffdc2ce7000 	C:\WINDOWS\System32\win32u.dll
0x00007ffdc4b50000 - 0x00007ffdc4b7b000 	C:\WINDOWS\System32\GDI32.dll
0x00007ffdc3ba0000 - 0x00007ffdc3ccb000 	C:\WINDOWS\System32\gdi32full.dll
0x00007ffdc3af0000 - 0x00007ffdc3b93000 	C:\WINDOWS\System32\msvcp_win.dll
0x00007ffdb2580000 - 0x00007ffdb258b000 	C:\WINDOWS\SYSTEM32\VERSION.dll
0x00007ffdc5940000 - 0x00007ffdc5971000 	C:\WINDOWS\System32\IMM32.DLL
0x00007ffd87460000 - 0x00007ffd87552000 	C:\Program Files\Windhawk\Engine\1.7.3\64\windhawk.dll
0x00007ffdb93d0000 - 0x00007ffdb93dc000 	C:\Program Files\Java\jdk-21\bin\vcruntime140_1.dll
0x00007ffd5b780000 - 0x00007ffd5b80e000 	C:\Program Files\Java\jdk-21\bin\msvcp140.dll
0x00007ffce0d90000 - 0x00007ffce1aaa000 	C:\Program Files\Java\jdk-21\bin\server\jvm.dll
0x00007ffdc5520000 - 0x00007ffdc5594000 	C:\WINDOWS\System32\WS2_32.dll
0x00007ffdc2b20000 - 0x00007ffdc2b7e000 	C:\WINDOWS\SYSTEM32\POWRPROF.dll
0x00007ffda8480000 - 0x00007ffda84b5000 	C:\WINDOWS\SYSTEM32\WINMM.dll
0x00007ffdc2b00000 - 0x00007ffdc2b14000 	C:\WINDOWS\SYSTEM32\UMPDC.dll
0x00007ffdc1a20000 - 0x00007ffdc1a3b000 	C:\WINDOWS\SYSTEM32\kernel.appcore.dll
0x00007ffda96d0000 - 0x00007ffda96da000 	C:\Program Files\Java\jdk-21\bin\jimage.dll
0x00007ffdc0740000 - 0x00007ffdc0982000 	C:\WINDOWS\SYSTEM32\DBGHELP.DLL
0x00007ffdc4b80000 - 0x00007ffdc4f06000 	C:\WINDOWS\System32\combase.dll
0x00007ffdc5760000 - 0x00007ffdc5837000 	C:\WINDOWS\System32\OLEAUT32.dll
0x00007ffda4b10000 - 0x00007ffda4b4b000 	C:\WINDOWS\SYSTEM32\dbgcore.DLL
0x00007ffdc3cd0000 - 0x00007ffdc3d75000 	C:\WINDOWS\System32\bcryptPrimitives.dll
0x00007ffd908c0000 - 0x00007ffd908df000 	C:\Program Files\Java\jdk-21\bin\java.dll

dbghelp: loaded successfully - version: 4.0.5 - missing functions: none
symbol engine: initialized successfully - sym options: 0x614 - pdb path: .;C:\Program Files\Java\jdk-21\bin;C:\WINDOWS\SYSTEM32;C:\WINDOWS\WinSxS\amd64_microsoft.windows.common-controls_6595b64144ccf1df_6.0.26100.7824_none_3e0870b2e3345462;C:\Program Files\Windhawk\Engine\1.7.3\64;C:\Program Files\Java\jdk-21\bin\server

VM Arguments:
jvm_args: --enable-native-access=ALL-UNNAMED 
java_command: <unknown>
java_class_path (initial): <not set>
Launcher Type: SUN_STANDARD

[Global flags]
     intx CICompilerCount                          = 4                                         {product} {ergonomic}
     uint ConcGCThreads                            = 2                                         {product} {ergonomic}
     uint G1ConcRefinementThreads                  = 8                                         {product} {ergonomic}
   size_t G1HeapRegionSize                         = 2097152                                   {product} {ergonomic}
    uintx GCDrainStackTargetSize                   = 64                                        {product} {ergonomic}
   size_t InitialHeapSize                          = 264241152                                 {product} {ergonomic}
   size_t MarkStackSize                            = 4194304                                   {product} {ergonomic}
   size_t MaxHeapSize                              = 4196401152                                {product} {ergonomic}
   size_t MinHeapDeltaBytes                        = 2097152                                   {product} {ergonomic}
   size_t MinHeapSize                              = 8388608                                   {product} {ergonomic}
    uintx NonNMethodCodeHeapSize                   = 5839372                                {pd product} {ergonomic}
    uintx NonProfiledCodeHeapSize                  = 122909434                              {pd product} {ergonomic}
    uintx ProfiledCodeHeapSize                     = 122909434                              {pd product} {ergonomic}
    uintx ReservedCodeCacheSize                    = 251658240                              {pd product} {ergonomic}
     bool SegmentedCodeCache                       = true                                      {product} {ergonomic}
   size_t SoftMaxHeapSize                          = 4196401152                             {manageable} {ergonomic}
     bool UseCompressedOops                        = true                           {product lp64_product} {ergonomic}
     bool UseG1GC                                  = true                                      {product} {ergonomic}
     bool UseLargePagesIndividualAllocation        = false                                  {pd product} {ergonomic}

Logging:
Log output configuration:
 #0: stdout all=warning uptime,level,tags foldmultilines=false
 #1: stderr all=off uptime,level,tags foldmultilines=false

Environment Variables:
PATH=C:\Program Files (x86)\VMware\VMware Workstation\bin\;C:\Program Files\Common Files\Oracle\Java\javapath;C:\WINDOWS\system32;C:\WINDOWS;C:\WINDOWS\System32\Wbem;C:\WINDOWS\System32\WindowsPowerShell\v1.0\;C:\WINDOWS\System32\OpenSSH\;C:\Program Files\Docker\Docker\resources\bin;C:\Program Files\nodejs\;C:\Program Files\nodejs\node_modules\npm\bin;C:\MinGW\bin;C:\Program Files\nodejs\node_modules\npm\bin;C:\Program Files\Git\cmd;C:\Program Files\ffmpeg-2025-10-16-git-cd4b01707d-essentials_build\bin;C:\ProgramData\chocolatey\bin;C:\ProgramData\chocolatey\bin;C:\flutter\bin;C:\Program Files\dotnet\;C:\Program Files\Pandoc\;C:\Program Files\Pandoc;C:\Program Files (x86)\apache-maven-3.9.12\bin;C:\Program Files\Java\jdk-21\bin;C:\Users\emran\AppData\Local\Programs\Python\Python313\Scripts\;C:\Users\emran\AppData\Local\Programs\Python\Python313\;C:\Users\emran\AppData\Local\Microsoft\WindowsApps;C:\Users\emran\AppData\Local\Programs\Microsoft VS Code\bin;C:\Users\emran\AppData\Roaming\npm;C:\Users\emran\AppData\Local\Microsoft\WinGet\Packages\Gyan.FFmpeg.Essentials_Microsoft.Winget.Source_8wekyb3d8bbwe\ffmpeg-8.0-essentials_build/bin;C:\Program Files\JetBrains\IntelliJ IDEA Community Edition 2025.2\bin
USERNAME=emran
OS=Windows_NT
PROCESSOR_IDENTIFIER=Intel64 Family 6 Model 140 Stepping 1, GenuineIntel
TMP=C:\Users\emran\AppData\Local\Temp
TEMP=C:\Users\emran\AppData\Local\Temp




Periodic native trim disabled

---------------  S Y S T E M  ---------------

OS:
 Windows 11 , 64 bit Build 26100 (10.0.26100.7705)
OS uptime: 1 days 13:03 hours
Hyper-V role detected

CPU: total 8 (initial active 8) (4 cores per cpu, 2 threads per core) family 6 model 140 stepping 1 microcode 0xbc, cx8, cmov, fxsr, ht, mmx, 3dnowpref, sse, sse2, sse3, ssse3, sse4.1, sse4.2, popcnt, lzcnt, tsc, tscinvbit, avx, avx2, aes, erms, clmul, bmi1, bmi2, adx, avx512f, avx512dq, avx512cd, avx512bw, avx512vl, sha, fma, vzeroupper, avx512_vpopcntdq, avx512_vpclmulqdq, avx512_vaes, avx512_vnni, clflush, clflushopt, clwb, avx512_vbmi2, avx512_vbmi, hv, rdtscp, rdpid, fsrm, gfni, avx512_bitalg, f16c, cet_ibt, cet_ss, avx512_ifma
Processor Information for all 8 processors :
  Max Mhz: 2611, Current Mhz: 2611, Mhz Limit: 2611

Memory: 4k page, system-wide physical 16000M (1466M free)
TotalPageFile size 31861M (AvailPageFile size 194M)
current process WorkingSet (physical memory assigned to process): 13M, peak: 13M
current process commit charge ("private bytes"): 60M, peak: 312M

vm_info: Java HotSpot(TM) 64-Bit Server VM (21.0.7+8-LTS-245) for windows-amd64 JRE (21.0.7+8-LTS-245), built on 2025-02-21T05:11:27Z by "mach5one" with MS VC++ 17.6 (VS2022)

END.
